
> with-a-twist@1.4.0 dev
> nodemon --exec ts-node src/server.ts

[33m[nodemon] 3.1.10[39m
[33m[nodemon] to restart at any time, enter `rs`[39m
[33m[nodemon] watching path(s): *.*[39m
[33m[nodemon] watching extensions: ts,json[39m
[32m[nodemon] starting `ts-node src/server.ts`[39m
[dotenv@17.2.0] injecting env (8) from .env (tip: ⚙️  specify custom .env file path with { path: '/custom/path/.env' })
[dotenv@17.2.0] injecting env (0) from .env (tip: ⚙️  override existing env vars with { override: true })
[dotenv@17.2.0] injecting env (0) from .env (tip: 🔐 prevent committing .env to code: https://dotenvx.com/precommit)
Creating production Redis clients...
Setting up standalone Redis configuration
Setting up Redis monitoring...
Redis monitoring setup complete
Production Redis manager initialized
🔄 Write-behind cache flush process started (interval: 30000ms)
▶️ Queue processing started
🧹 Queue cleanup started
[dotenv@17.2.0] injecting env (0) from .env (tip: 🔐 prevent committing .env to code: https://dotenvx.com/precommit)
Initializing WebSocket Game Manager
Pub/Sub handlers set up for game events
WebSocket Game Manager initialized
=== UNCAUGHT EXCEPTION ===
Error: Error: listen EADDRINUSE: address already in use :::3000
    at Server.setupListenHandle [as _listen2] (node:net:1940:16)
    at listenInCluster (node:net:1997:12)
    at Server.listen (node:net:2102:7)
    at Object.<anonymous> (/home/abdul/Desktop/with-a-twist/src/server.ts:49:8)
    at Module._compile (node:internal/modules/cjs/loader:1730:14)
    at Module.m._compile (/home/abdul/Desktop/with-a-twist/node_modules/ts-node/src/index.ts:1618:23)
    at node:internal/modules/cjs/loader:1895:10
    at Object.require.extensions.<computed> [as .ts] (/home/abdul/Desktop/with-a-twist/node_modules/ts-node/src/index.ts:1621:12)
    at Module.load (node:internal/modules/cjs/loader:1465:32)
    at Function._load (node:internal/modules/cjs/loader:1282:12) {
  code: 'EADDRINUSE',
  errno: -98,
  syscall: 'listen',
  address: '::',
  port: 3000
}
Stack: Error: listen EADDRINUSE: address already in use :::3000
    at Server.setupListenHandle [as _listen2] (node:net:1940:16)
    at listenInCluster (node:net:1997:12)
    at Server.listen (node:net:2102:7)
    at Object.<anonymous> (/home/abdul/Desktop/with-a-twist/src/server.ts:49:8)
    at Module._compile (node:internal/modules/cjs/loader:1730:14)
    at Module.m._compile (/home/abdul/Desktop/with-a-twist/node_modules/ts-node/src/index.ts:1618:23)
    at node:internal/modules/cjs/loader:1895:10
    at Object.require.extensions.<computed> [as .ts] (/home/abdul/Desktop/with-a-twist/node_modules/ts-node/src/index.ts:1621:12)
    at Module.load (node:internal/modules/cjs/loader:1465:32)
    at Function._load (node:internal/modules/cjs/loader:1282:12)
[31m[nodemon] app crashed - waiting for file changes before starting...[39m
[32m[nodemon] restarting child process[39m
[32m[nodemon] starting `ts-node src/server.ts`[39m
[32m[nodemon] restarting due to changes...[39m
[32m[nodemon] restarting due to changes...[39m
[32m[nodemon] restarting due to changes...[39m
[32m[nodemon] restarting due to changes...[39m
[32m[nodemon] restarting due to changes...[39m
[32m[nodemon] restarting due to changes...[39m
[32m[nodemon] restarting due to changes...[39m
[32m[nodemon] restarting due to changes...[39m
[32m[nodemon] restarting due to changes...[39m
[32m[nodemon] restarting due to changes...[39m
[dotenv@17.2.0] injecting env (8) from .env (tip: ⚙️  load multiple .env files with { path: ['.env.local', '.env'] })
[dotenv@17.2.0] injecting env (0) from .env (tip: 🛠️  run anywhere with `dotenvx run -- yourcommand`)
[dotenv@17.2.0] injecting env (0) from .env (tip: ⚙️  enable debug logging with { debug: true })
Creating production Redis clients...
Setting up standalone Redis configuration
Setting up Redis monitoring...
Redis monitoring setup complete
Production Redis manager initialized
🔄 Write-behind cache flush process started (interval: 30000ms)
▶️ Queue processing started
🧹 Queue cleanup started
[dotenv@17.2.0] injecting env (0) from .env (tip: 🛠️  run anywhere with `dotenvx run -- yourcommand`)
Initializing WebSocket Game Manager
Pub/Sub handlers set up for game events
WebSocket Game Manager initialized
=== UNCAUGHT EXCEPTION ===
Error: Error: listen EADDRINUSE: address already in use :::3000
    at Server.setupListenHandle [as _listen2] (node:net:1940:16)
    at listenInCluster (node:net:1997:12)
    at Server.listen (node:net:2102:7)
    at Object.<anonymous> (/home/abdul/Desktop/with-a-twist/src/server.ts:49:8)
    at Module._compile (node:internal/modules/cjs/loader:1730:14)
    at Module.m._compile (/home/abdul/Desktop/with-a-twist/node_modules/ts-node/src/index.ts:1618:23)
    at node:internal/modules/cjs/loader:1895:10
    at Object.require.extensions.<computed> [as .ts] (/home/abdul/Desktop/with-a-twist/node_modules/ts-node/src/index.ts:1621:12)
    at Module.load (node:internal/modules/cjs/loader:1465:32)
    at Function._load (node:internal/modules/cjs/loader:1282:12) {
  code: 'EADDRINUSE',
  errno: -98,
  syscall: 'listen',
  address: '::',
  port: 3000
}
Stack: Error: listen EADDRINUSE: address already in use :::3000
    at Server.setupListenHandle [as _listen2] (node:net:1940:16)
    at listenInCluster (node:net:1997:12)
    at Server.listen (node:net:2102:7)
    at Object.<anonymous> (/home/abdul/Desktop/with-a-twist/src/server.ts:49:8)
    at Module._compile (node:internal/modules/cjs/loader:1730:14)
    at Module.m._compile (/home/abdul/Desktop/with-a-twist/node_modules/ts-node/src/index.ts:1618:23)
    at node:internal/modules/cjs/loader:1895:10
    at Object.require.extensions.<computed> [as .ts] (/home/abdul/Desktop/with-a-twist/node_modules/ts-node/src/index.ts:1621:12)
    at Module.load (node:internal/modules/cjs/loader:1465:32)
    at Function._load (node:internal/modules/cjs/loader:1282:12)
